// Jest Snapshot v1, https://goo.gl/fbAQLP

exports[`LoginPage matches the snapshot 1`] = `
<DocumentFragment>
  <nav
    class="bg-body-tertiary navbar navbar-expand-lg navbar-light"
    style="margin-bottom: 48px;"
  >
    <div
      class="container"
    >
      <a
        class="navbar-brand"
        href="/"
      >
        Employee Polls
      </a>
      <button
        aria-controls="basic-navbar-nav"
        aria-label="Toggle navigation"
        class="navbar-toggler collapsed"
        type="button"
      >
        <span
          class="navbar-toggler-icon"
        />
      </button>
    </div>
  </nav>
  <div
    class="md-8 container"
  >
    <div
      class="col"
    >
      <div
        class="d-flex justify-content-center row"
      >
        <img
          alt="logo"
          class="rounded-circle"
          src="employees_pool_logo.jpg"
          style="width: 400px; height: 400px; margin-bottom: 48px;"
        />
      </div>
      <div
        class="row"
      >
        <form
          class=""
        >
          <div
            class="mb-3"
          >
            <label
              class="form-label"
            >
              Username:
            </label>
            <select
              class="form-select"
            >
              <option
                value=""
              >
                Select a user...
              </option>
            </select>
            <div
              class="invalid-feedback"
            >
              Please select an user.
            </div>
            <div
              class="valid-feedback"
            >
              Great! you selected  id.
            </div>
          </div>
          <div
            class="mb-3"
          >
            <label
              class="form-label"
              for="exampleForm.ControlTextarea1"
            >
              Password:
            </label>
            <input
              autocomplete="off"
              class="form-control"
              id="exampleForm.ControlTextarea1"
              placeholder="You can find your password in the README file."
              required=""
              type="password"
              value=""
            />
            <div
              class="invalid-feedback"
            >
              Please insert a valid password.
              <br />
              Password must be at least 6 characters long and it cannot contain blank spaces.
              <br />
              You can find your password in the README file.
            </div>
            <div
              class="valid-feedback"
            >
              Great! Your password looks valid.
            </div>
          </div>
          <input
            class="btn btn-success"
            role="button"
            tabindex="0"
            type="submit"
            value="Login"
          />
           
          <input
            class="btn btn-outline-success"
            role="button"
            tabindex="0"
            type="button"
            value="Cancel"
          />
        </form>
      </div>
    </div>
  </div>
</DocumentFragment>
`;
